true
false
true
false
false
true
true
-----------
42
0
16
16
0
0
42
0
-----------
true
false
false
false
true
true
true
false
