10
we gotta hold on to what we've got
4
62190
720
Hey! Hey! Hey! Hey! Hey! Hey! Hey! Hey! 
91728
16
