Explicit array conversion to List<Long>
[1, 2]
2
1
2
mysterious
Implicit array conversion
[1, 2, 3]
3
1
1
1
mysterious
Explicit conversion to Map<String, Long>
Map conversion and method call OK