Import OK
5
Import turned on extension mode
BigDecimal is java.math.BigDecimal
Static instance created
