Field access
milk
Jerry
Jerry
Abstract field access
