A
C
mysterious

BC
mysterious
AB

mysterious
A
B
C
mysterious
